// Jest Snapshot v1, https://goo.gl/fbAQLP

exports[`Testing App component App renders correctly 1`] = `
<div>
  <header>
    <div
      className="container flex"
    >
      <h1>
        <a
          className="logo"
          href="/"
          onClick={[Function]}
        >
          Math Magicians
        </a>
      </h1>
      <nav>
        <ul
          className="flex"
        >
          <li>
            <a
              href="/"
              onClick={[Function]}
            >
              Home
            </a>
          </li>
          <li>
            <a
              href="/calculator"
              onClick={[Function]}
            >
              Calculator
            </a>
          </li>
          <li>
            <a
              href="/quote"
              onClick={[Function]}
            >
              Quote
            </a>
          </li>
        </ul>
      </nav>
    </div>
  </header>
  <div
    className="container"
  >
    <h1
      className="home-title"
    >
      Welcome to our page!
    </h1>
    <p
      className="home-pg"
    >
      Lorem ipsum dolor sit amet consectetur adipisicing elit. Libero voluptatibus, recusandae, temporibus dignissimos ullam porro earum repellendus explicabo esse officiis ratione nulla vero aliquam nisi molestias placeat, duci mus quos nobis.
    </p>
    <p
      className="home-pg"
    >
      Lorem ipsum dolor sit amet consectetur adipisicing elit. Libero voluptatibus, recusandae, temporibus dignissimos ullam porro earum repellendus explicabo esse officiis ratione nulla vero aliquam nisi molestias placeat, duci mus quos nobis.
    </p>
  </div>
</div>
`;
