// Jest Snapshot v1, https://goo.gl/fbAQLP

exports[`Testing Calculator component Calculatore renders correctly 1`] = `
<div
  className="container flex align-start"
>
  <div
    className="calc-title"
  >
    <h1>
      Let's do some math!
    </h1>
  </div>
  <div
    className="calc-container"
  >
    <div
      className="span-four"
      data-testid="value"
    >
      0
      
      
    </div>
    <button
      onClick={[Function]}
      type="button"
    >
      AC
    </button>
    <button
      onClick={[Function]}
      type="button"
    >
      +/-
    </button>
    <button
      onClick={[Function]}
      type="button"
    >
      %
    </button>
    <button
      className="orange"
      onClick={[Function]}
      type="button"
    >
      รท
    </button>
    <button
      onClick={[Function]}
      type="button"
    >
      7
    </button>
    <button
      onClick={[Function]}
      type="button"
    >
      8
    </button>
    <button
      onClick={[Function]}
      type="button"
    >
      9
    </button>
    <button
      className="orange"
      onClick={[Function]}
      type="button"
    >
      x
    </button>
    <button
      onClick={[Function]}
      type="button"
    >
      4
    </button>
    <button
      onClick={[Function]}
      type="button"
    >
      5
    </button>
    <button
      onClick={[Function]}
      type="button"
    >
      6
    </button>
    <button
      className="orange"
      onClick={[Function]}
      type="button"
    >
      -
    </button>
    <button
      onClick={[Function]}
      type="button"
    >
      1
    </button>
    <button
      onClick={[Function]}
      type="button"
    >
      2
    </button>
    <button
      onClick={[Function]}
      type="button"
    >
      3
    </button>
    <button
      className="orange"
      onClick={[Function]}
      type="button"
    >
      +
    </button>
    <button
      className="span-two"
      onClick={[Function]}
      type="button"
    >
      0
    </button>
    <button
      onClick={[Function]}
      type="button"
    >
      .
    </button>
    <button
      className="orange"
      onClick={[Function]}
      type="button"
    >
      =
    </button>
  </div>
</div>
`;
