// Jest Snapshot v1, https://goo.gl/fbAQLP

exports[`Testing home component Home renders correctly 1`] = `
<header>
  <div
    className="container flex"
  >
    <h1>
      <a
        className="logo"
        href="/"
        onClick={[Function]}
      >
        Math Magicians
      </a>
    </h1>
    <nav>
      <ul
        className="flex"
      >
        <li>
          <a
            href="/"
            onClick={[Function]}
          >
            Home
          </a>
        </li>
        <li>
          <a
            href="/calculator"
            onClick={[Function]}
          >
            Calculator
          </a>
        </li>
        <li>
          <a
            href="/quote"
            onClick={[Function]}
          >
            Quote
          </a>
        </li>
      </ul>
    </nav>
  </div>
</header>
`;
