// Jest Snapshot v1, https://goo.gl/fbAQLP

exports[`Testing Quote component Quote renders correctly 1`] = `
<div
  className="container"
>
  <h1
    className="quote-title"
  >
    Mathematics is not about numbers, equations, computations, or algorithms: it is about understanding. -William Paul Thurston
  </h1>
</div>
`;
